2026-06-11 13:37:46,285 INFO    app.data.storage: database initialised
2026-06-11 13:37:49,877 INFO    app.data.data_quality: [OK] KO 1d: rows=1238 dups=0 nonpos=0 missing=562 (31.22%) max|ret|=0.0722
2026-06-11 13:37:50,233 INFO    app.data.historical_loader: downloaded KO 1d from yahoo: 1238 rows (1238 new)
2026-06-11 13:37:50,588 INFO    app.data.data_quality: [OK] PEP 1d: rows=1238 dups=0 nonpos=0 missing=562 (31.22%) max|ret|=0.0719
2026-06-11 13:37:50,912 INFO    app.data.historical_loader: downloaded PEP 1d from yahoo: 1238 rows (1238 new)
2026-06-11 13:37:52,215 INFO    app.data.data_quality: [OK] XOM 1d: rows=1238 dups=0 nonpos=0 missing=562 (31.22%) max|ret|=0.0821
2026-06-11 13:37:52,518 INFO    app.data.historical_loader: downloaded XOM 1d from yahoo: 1238 rows (1238 new)
2026-06-11 13:37:53,570 INFO    app.data.data_quality: [OK] CVX 1d: rows=1238 dups=0 nonpos=0 missing=562 (31.22%) max|ret|=0.0858
2026-06-11 13:37:53,792 INFO    app.data.historical_loader: downloaded CVX 1d from yahoo: 1238 rows (1238 new)
2026-06-11 13:37:57,163 INFO    app.data.data_quality: [OK] V 1d: rows=1238 dups=0 nonpos=0 missing=562 (31.22%) max|ret|=0.1007
2026-06-11 13:37:57,390 INFO    app.data.historical_loader: downloaded V 1d from yahoo: 1238 rows (1238 new)
2026-06-11 13:37:57,776 INFO    app.data.data_quality: [OK] MA 1d: rows=1238 dups=0 nonpos=0 missing=562 (31.22%) max|ret|=0.0873
2026-06-11 13:37:58,012 INFO    app.data.historical_loader: downloaded MA 1d from yahoo: 1238 rows (1238 new)
2026-06-11 13:38:01,158 INFO    app.data.data_quality: [OK] JPM 1d: rows=1238 dups=0 nonpos=0 missing=562 (31.22%) max|ret|=0.1093
2026-06-11 13:38:01,408 INFO    app.data.historical_loader: downloaded JPM 1d from yahoo: 1238 rows (1238 new)
2026-06-11 13:38:01,975 INFO    app.data.data_quality: [OK] BAC 1d: rows=1238 dups=0 nonpos=0 missing=562 (31.22%) max|ret|=0.1172
2026-06-11 13:38:02,192 INFO    app.data.historical_loader: downloaded BAC 1d from yahoo: 1238 rows (1238 new)
2026-06-11 13:38:02,640 INFO    app.data.data_quality: [OK] HD 1d: rows=1238 dups=0 nonpos=0 missing=562 (31.22%) max|ret|=0.0927
2026-06-11 13:38:02,863 INFO    app.data.historical_loader: downloaded HD 1d from yahoo: 1238 rows (1238 new)
2026-06-11 13:38:03,312 INFO    app.data.data_quality: [OK] LOW 1d: rows=1238 dups=0 nonpos=0 missing=562 (31.22%) max|ret|=0.0915
2026-06-11 13:38:03,548 INFO    app.data.historical_loader: downloaded LOW 1d from yahoo: 1238 rows (1238 new)
2026-06-11 13:38:04,010 INFO    app.data.data_quality: [OK] WMT 1d: rows=1238 dups=0 nonpos=0 missing=562 (31.22%) max|ret|=0.1208
2026-06-11 13:38:04,238 INFO    app.data.historical_loader: downloaded WMT 1d from yahoo: 1238 rows (1238 new)
2026-06-11 13:38:04,605 INFO    app.data.data_quality: [OK] TGT 1d: rows=1238 dups=0 nonpos=0 missing=562 (31.22%) max|ret|=0.2868
2026-06-11 13:38:04,840 INFO    app.data.historical_loader: downloaded TGT 1d from yahoo: 1238 rows (1238 new)
2026-06-11 13:38:07,822 INFO    app.data.storage: database initialised
2026-06-11 13:38:09,705 INFO    app.data.data_quality: [OK] EURUSD=X 1d: rows=1282 dups=0 nonpos=0 missing=520 (28.86%) max|ret|=0.0275
2026-06-11 13:38:09,950 INFO    app.data.historical_loader: downloaded EURUSD=X 1d from yahoo: 1282 rows (1282 new)
2026-06-11 13:38:10,499 INFO    app.data.data_quality: [OK] GBPUSD=X 1d: rows=1282 dups=0 nonpos=0 missing=520 (28.86%) max|ret|=0.0423
2026-06-11 13:38:10,747 INFO    app.data.historical_loader: downloaded GBPUSD=X 1d from yahoo: 1282 rows (1282 new)
2026-06-11 13:38:11,031 INFO    app.data.data_quality: [OK] USDJPY=X 1d: rows=1282 dups=0 nonpos=0 missing=520 (28.86%) max|ret|=0.0380
2026-06-11 13:38:11,271 INFO    app.data.historical_loader: downloaded USDJPY=X 1d from yahoo: 1282 rows (1282 new)
2026-06-11 13:38:11,642 INFO    app.data.data_quality: [OK] USDCHF=X 1d: rows=1282 dups=0 nonpos=0 missing=520 (28.86%) max|ret|=0.0414
2026-06-11 13:38:11,882 INFO    app.data.historical_loader: downloaded USDCHF=X 1d from yahoo: 1282 rows (1282 new)
2026-06-11 13:38:12,242 INFO    app.data.data_quality: [OK] AUDUSD=X 1d: rows=1282 dups=0 nonpos=0 missing=520 (28.86%) max|ret|=0.0546
2026-06-11 13:38:12,478 INFO    app.data.historical_loader: downloaded AUDUSD=X 1d from yahoo: 1282 rows (1282 new)
2026-06-11 13:38:12,820 INFO    app.data.data_quality: [OK] NZDUSD=X 1d: rows=1282 dups=0 nonpos=0 missing=520 (28.86%) max|ret|=0.0433
2026-06-11 13:38:13,055 INFO    app.data.historical_loader: downloaded NZDUSD=X 1d from yahoo: 1282 rows (1282 new)
2026-06-11 13:38:13,397 INFO    app.data.data_quality: [OK] USDCAD=X 1d: rows=1282 dups=0 nonpos=0 missing=520 (28.86%) max|ret|=0.0205
2026-06-11 13:38:13,678 INFO    app.data.historical_loader: downloaded USDCAD=X 1d from yahoo: 1282 rows (1282 new)
2026-06-11 13:38:14,034 INFO    app.data.data_quality: [OK] EURGBP=X 1d: rows=1282 dups=0 nonpos=0 missing=520 (28.86%) max|ret|=0.1105
2026-06-11 13:38:14,277 INFO    app.data.historical_loader: downloaded EURGBP=X 1d from yahoo: 1282 rows (1282 new)
